ID[program]
ID[int]
ID[X]
COMMA
ID[Y]
COMMA
ID[Z]
SEMICOLON
ID[input]
ID[X]
COMMA
ID[Y]
COMMA
ID[Z]
SEMICOLON
WHILE
NOT
LPAREN
ID[X]
ASSIGN
CONST[0]
RPAREN
BEGIN
ID[output]
ID[Y]
SEMICOLON
WHILE
ID[Y]
LESS
CONST[10]
BEGIN
ID[Y]
ASSIGN
ID[Y]
ADD
CONST[1]
SEMICOLON
SEMICOLON
ID[output]
ID[Y]
SEMICOLON
ID[Y]
ASSIGN
ID[Z]
ID[X]
ASSIGN
ID[X]
SUBTRACT
CONST[1]
SEMICOLON
SEMICOLON
END
